src/app/admin/roles/page.tsx(7,24): error TS2307: Cannot find module 'date-fns' or its corresponding type declarations.
